


---------------------------------------------------------------------------
  REPORT LABEL                 Tue Apr 04 19:23:51 1989          PAGE  1
  IMAGE GENERATOR    GS-           REV -     1/23/89             
---------------------------------------------------------------------------


+5               01,02
CLK              01,02
D1               01,02
D2               01,02
D3               01,02
D4               01,02
GND              01,02,03
LOAD             01,02
OUT1             01,02,03
OUT2             01,02
OUT3             01,02
OUT4             01,02,03



---------------------------------------------------------------------------
  REPORT  REF. DES.            Tue Apr 04 19:23:52 1989          PAGE  1
  IMAGE GENERATOR    GS-           REV -     1/23/89             
---------------------------------------------------------------------------


.AAD01              DRES                A/01
P01                 CONN20              A/02
R1                  DRES                A/01
R2                  DRES                A/03
R3                  DRES                A/03
U1                  74ALS163            A/01
